
> game-builder-v1@3.9.1 test
> npx tsx scripts/test_runner.ts

===================================================
­ƒøí´©Å  GCS REGRESSION TEST SUITE
===================================================

­ƒÅâ Starte Logik-Tests (Login)...
­ƒÅâ Starte Smart Mapping & Discovery Tests...
­ƒÅâ Starte Unification & Auto-Unwrap Tests...
­ƒÅâ Starte TTable Smart-Unwrap Tests...
­ƒÅâ Starte SELECT COUNT(*) Tests...
­ƒÅâ Starte Action Registration Tests...
­ƒÅâ Starte Action CRUD Tests...
­ƒÅâ Starte Coordinate Binding Tests...
­ƒÅâ Starte AgentController Tests...
­ƒÅâ Starte Raketen-Countdown Tests...
­ƒÅâ Starte Mathe-Quiz Tests...
­ƒÅâ Starte Virtual Gamepad Tests...
­ƒÅâ Starte Serialization Tests...
­ƒº¬ Serialization Tests starten...
­ƒÅâ Starte RefactoringManager Tests...
­ƒº¬ RefactoringManager Tests starten...
­ƒÅâ Starte TaskExecutor Tests...
­ƒº¬ TaskExecutor Tests starten...
node.exe : 13:14:16.469 [TaskExecutor]  Max recursion depth reached for task RecursiveTask
In C:\Program Files\nodejs\npm.ps1:29 Zeichen:3
+   & $NODE_EXE $NPM_CLI_JS $args
+   ~~~~~~~~~~~~~~~~~~~~~~~~~~~~~
    + CategoryInfo          : NotSpecified: (13:14:16.469 [T...k RecursiveTask:String) [], RemoteException
    + FullyQualifiedErrorId : NativeCommandError
 
­ƒÅâ Starte FlowSync Tests...
­ƒº¬ FlowSync Tests starten...
­ƒÅâ Starte Project Integrity Tests...
­ƒº¬ Project Integrity Tests starten...
­ƒÅâ Starte Renaming Robustness Tests...
­ƒÅâ Starte SyncValidator Tests...
­ƒº¬ SyncValidator Tests starten...
­ƒÅâ Starte SnapshotManager Tests...
­ƒº¬ SnapshotManager Tests starten...

  SnapshotManager: 26 bestanden, 0 fehlgeschlagen
­ƒÅâ Starte ProjectStore Tests...
­ƒº¬ ProjectStore Tests starten...
[DND-FLOW 5.5] Enter dispatch: project exists=true, isDispatching=false
[DND-FLOW 6] REDUCE SET_PROPERTY on undefined: type = show_message
[DND-FLOW 5.5] Enter dispatch: project exists=true, isDispatching=false
[DND-FLOW 5.5] Enter dispatch: project exists=true, isDispatching=false
[DND-FLOW 5.5] Enter dispatch: project exists=true, isDispatching=false
[DND-FLOW 5.5] Enter dispatch: project exists=true, isDispatching=false
[DND-FLOW 5.5] Enter dispatch: project exists=true, isDispatching=false
[DND-FLOW 5.5] Enter dispatch: project exists=true, isDispatching=false
[DND-FLOW 5.5] Enter dispatch: project exists=true, isDispatching=false
[DND-FLOW 5.5] Enter dispatch: project exists=true, isDispatching=false
[DND-FLOW 5.5] Enter dispatch: project exists=true, isDispatching=false
[DND-FLOW 5.5] Enter dispatch: project exists=true, isDispatching=false
[DND-FLOW 6] REDUCE SET_PROPERTY on undefined: type = test
[DND-FLOW 5.5] Enter dispatch: project exists=true, isDispatching=false
[DND-FLOW 6] REDUCE SET_PROPERTY on undefined: type = test2
[DND-FLOW 5.5] Enter dispatch: project exists=true, isDispatching=false

  ProjectStore: 21 bestanden, 0 fehlgeschlagen
­ƒÅâ Starte FlowDataAction Inspector Tests...
­ƒº¬ Testing FlowDataAction Inspector...
­ƒÅâ Starte Export Integrity Tests...
­ƒöÆ Export Integrity Tests starten...

  Export Integrity: 4 bestanden, 1 fehlgeschlagen
  ÔÜá´©Å  Falls beabsichtigt: npx tsx tests/export_integrity.test.ts --update
­ƒÅâ Starte Pascal Code Generator Tests...
­ƒÅâ Starte Stage-Import Tests...
­ƒº¬ Stage-Import Tests starten...

  Stage-Import: 8 bestanden, 0 fehlgeschlagen


­ƒîÉ Starte Browser E2E Tests (Playwright)...
ÔÜá´©Å  [WARNUNG] Game-Server (Port 8080) l├ñuft nicht!
   E2E-Tests werden wahrscheinlich fehlschlagen, da /platform nicht erreichbar ist.
   Starte den Server mit: cd game-server && npm run dev

ÔÜá´©Å Playwright Tests fehlgeschlagen oder mit Warnungen abgeschlossen.

­ƒôä Report generiert: C:\Users\rolfr\.gemini\antigravity\scratch\game-builder-v1\docs\QA_Report.md

ÔÜá´©Å EINIGE TESTS FEHLGESCHLAGEN
