===================================================
­ƒøí´©Å  GCS REGRESSION TEST SUITE
===================================================

­ƒÅâ Starte Logik-Tests (Login)...
­ƒÅâ Starte Smart Mapping & Discovery Tests...
­ƒÅâ Starte Unification & Auto-Unwrap Tests...
­ƒÅâ Starte TTable Smart-Unwrap Tests...
­ƒÅâ Starte SELECT COUNT(*) Tests...
­ƒÅâ Starte Action Registration Tests...
­ƒÅâ Starte Action CRUD Tests...
­ƒÅâ Starte Serialization Tests...
­ƒº¬ Serialization Tests starten...
­ƒÅâ Starte RefactoringManager Tests...
­ƒº¬ RefactoringManager Tests starten...
­ƒÅâ Starte TaskExecutor Tests...
­ƒº¬ TaskExecutor Tests starten...
node.exe : 17:27:57.190 [TaskExecutor]  Max recursion depth exceeded: RecursiveTask
In C:\Program Files\nodejs\npx.ps1:29 Zeichen:3
+   & $NODE_EXE $NPX_CLI_JS $args
+   ~~~~~~~~~~~~~~~~~~~~~~~~~~~~~
    + CategoryInfo          : NotSpecified: (17:27:57.190 [T...: RecursiveTask:String) [], RemoteException
    + FullyQualifiedErrorId : NativeCommandError
 
­ƒÅâ Starte FlowSync Tests...
­ƒº¬ FlowSync Tests starten...
­ƒÅâ Starte Project Integrity Tests...
­ƒº¬ Project Integrity Tests starten...
­ƒÅâ Starte Renaming Robustness Tests...

­ƒôä Report generiert: C:\Users\rolfr\.gemini\antigravity\scratch\game-builder-v1\docs\QA_Report.md

Ô£à ALLE KRITISCHEN PFADE VERIFIZIERT
