[WARNING] tasks[2] "StartGame": Mismatch: actionSequence has 5 items, flowGraph has 2 action/condition nodes