src/editor/PascalGenerator.ts(1,79): error TS6133: 'GameAction' is declared but its value is never read.
